// Jest Snapshot v1, https://goo.gl/fbAQLP

exports[`Rockets renders correctly 1`] = `
<div>
  <div
    className="container"
  >
    <div
      className="img-container"
    >
      <img
        alt="something"
        src="src/image"
      />
    </div>
    <div
      className="detail-container"
    >
      <h3>
        Rocket name
      </h3>
      <p>
        <span
          className="badge"
        >
          Reserved
        </span>
      </p>
      <div
        className="btn-container"
      >
        <button
          type="button"
        >
          Reserve Rocket
        </button>
        <button
          type="button"
        >
          Cancel Reservation
        </button>
      </div>
    </div>
  </div>
</div>
`;
